>>> text_indentation = __import__('5-text_indentation').text_indentation
>>> text_indentation("Lorem. ipsum: dolor sit amet,")
Lorem.

ipsum:

dolor sit amet,>>> 
>>> text_indentation("Lorem. ipsum:    dolor sit amet,")
Lorem.

ipsum:

dolor sit amet,>>> 
>>> text_indentation()
Traceback (most recent call last):
  File "<stdin>", line 1, in <module>
TypeError: text_indentation() missing 1 required positional argument: 'text'
>>> text_indentation(5)
Traceback (most recent call last):
  File "<stdin>", line 1, in <module>
  File "/home/abdelghani/Desktop/ALX/alx-higher_level_programming/0x07-python-test_driven_development/5-text_indentation.py", line 16, in text_indentation
    raise TypeError("text must be a string")
TypeError: text must be a string
>>> 
